2026/04/27 12:56:47 [emerg] 1#1: host not found in upstream "frontend" in /etc/nginx/conf.d/default.conf:37
2026/04/27 13:00:17 [emerg] 1#1: host not found in upstream "frontend" in /etc/nginx/conf.d/default.conf:37
2026/04/27 13:02:31 [notice] 1#1: using the "epoll" event method
2026/04/27 13:02:31 [notice] 1#1: nginx/1.29.8
2026/04/27 13:02:31 [notice] 1#1: built by gcc 15.2.0 (Alpine 15.2.0) 
2026/04/27 13:02:31 [notice] 1#1: OS: Linux 6.6.87.2-microsoft-standard-WSL2
2026/04/27 13:02:31 [notice] 1#1: getrlimit(RLIMIT_NOFILE): 1048576:1048576
2026/04/27 13:02:31 [notice] 1#1: start worker processes
2026/04/27 13:02:31 [notice] 1#1: start worker process 32
2026/04/27 13:02:31 [notice] 1#1: start worker process 33
2026/04/27 13:02:31 [notice] 1#1: start worker process 34
2026/04/27 13:02:31 [notice] 1#1: start worker process 35
2026/04/27 13:02:31 [notice] 1#1: start worker process 36
2026/04/27 13:02:31 [notice] 1#1: start worker process 37
2026/04/27 13:02:31 [notice] 1#1: start worker process 38
2026/04/27 13:02:31 [notice] 1#1: start worker process 39
2026/04/27 13:02:31 [notice] 1#1: start worker process 40
2026/04/27 13:02:31 [notice] 1#1: start worker process 41
2026/04/27 13:02:31 [notice] 1#1: start worker process 42
2026/04/27 13:02:31 [notice] 1#1: start worker process 43
2026/04/27 13:02:31 [notice] 1#1: start worker process 44
2026/04/27 13:02:31 [notice] 1#1: start worker process 45
2026/04/27 13:02:31 [notice] 1#1: start worker process 46
2026/04/27 13:02:31 [notice] 1#1: start worker process 47
2026/04/27 13:05:45 [notice] 1#1: signal 3 (SIGQUIT) received, shutting down
2026/04/27 13:05:45 [notice] 32#32: gracefully shutting down
2026/04/27 13:05:45 [notice] 39#39: gracefully shutting down
2026/04/27 13:05:45 [notice] 33#33: gracefully shutting down
2026/04/27 13:05:45 [notice] 33#33: exiting
2026/04/27 13:05:45 [notice] 34#34: gracefully shutting down
2026/04/27 13:05:45 [notice] 35#35: gracefully shutting down
2026/04/27 13:05:45 [notice] 36#36: gracefully shutting down
2026/04/27 13:05:45 [notice] 37#37: gracefully shutting down
2026/04/27 13:05:45 [notice] 38#38: gracefully shutting down
2026/04/27 13:05:45 [notice] 40#40: gracefully shutting down
2026/04/27 13:05:45 [notice] 41#41: gracefully shutting down
2026/04/27 13:05:45 [notice] 42#42: gracefully shutting down
2026/04/27 13:05:45 [notice] 42#42: exiting
2026/04/27 13:05:45 [notice] 43#43: gracefully shutting down
2026/04/27 13:05:45 [notice] 42#42: exit
2026/04/27 13:05:45 [notice] 44#44: gracefully shutting down
2026/04/27 13:05:45 [notice] 45#45: gracefully shutting down
2026/04/27 13:05:45 [notice] 46#46: gracefully shutting down
2026/04/27 13:05:45 [notice] 47#47: gracefully shutting down
2026/04/27 13:05:45 [notice] 39#39: exiting
2026/04/27 13:05:45 [notice] 34#34: exiting
2026/04/27 13:05:45 [notice] 33#33: exit
2026/04/27 13:05:45 [notice] 35#35: exiting
2026/04/27 13:05:45 [notice] 36#36: exiting
2026/04/27 13:05:45 [notice] 35#35: exit
2026/04/27 13:05:45 [notice] 37#37: exiting
2026/04/27 13:05:45 [notice] 38#38: exiting
2026/04/27 13:05:45 [notice] 40#40: exiting
2026/04/27 13:05:45 [notice] 38#38: exit
2026/04/27 13:05:45 [notice] 41#41: exiting
2026/04/27 13:05:45 [notice] 43#43: exiting
2026/04/27 13:05:45 [notice] 41#41: exit
2026/04/27 13:05:45 [notice] 44#44: exiting
2026/04/27 13:05:45 [notice] 45#45: exiting
2026/04/27 13:05:45 [notice] 46#46: exiting
2026/04/27 13:05:45 [notice] 47#47: exiting
2026/04/27 13:05:45 [notice] 39#39: exit
2026/04/27 13:05:45 [notice] 34#34: exit
2026/04/27 13:05:45 [notice] 36#36: exit
2026/04/27 13:05:45 [notice] 37#37: exit
2026/04/27 13:05:45 [notice] 40#40: exit
2026/04/27 13:05:45 [notice] 43#43: exit
2026/04/27 13:05:45 [notice] 44#44: exit
2026/04/27 13:05:45 [notice] 45#45: exit
2026/04/27 13:05:45 [notice] 46#46: exit
2026/04/27 13:05:45 [notice] 47#47: exit
2026/04/27 13:05:46 [notice] 1#1: signal 17 (SIGCHLD) received from 40
2026/04/27 13:05:46 [notice] 1#1: worker process 33 exited with code 0
2026/04/27 13:05:46 [notice] 1#1: worker process 34 exited with code 0
2026/04/27 13:05:46 [notice] 1#1: worker process 40 exited with code 0
2026/04/27 13:05:46 [notice] 1#1: worker process 46 exited with code 0
2026/04/27 13:05:46 [notice] 1#1: signal 29 (SIGIO) received
2026/04/27 13:05:46 [notice] 1#1: signal 17 (SIGCHLD) received from 43
2026/04/27 13:05:46 [notice] 1#1: worker process 36 exited with code 0
2026/04/27 13:05:46 [notice] 1#1: worker process 43 exited with code 0
2026/04/27 13:05:46 [notice] 1#1: signal 29 (SIGIO) received
2026/04/27 13:05:46 [notice] 1#1: signal 17 (SIGCHLD) received from 41
2026/04/27 13:05:46 [notice] 1#1: worker process 35 exited with code 0
2026/04/27 13:05:46 [notice] 1#1: worker process 37 exited with code 0
2026/04/27 13:05:46 [notice] 1#1: worker process 38 exited with code 0
2026/04/27 13:05:46 [notice] 1#1: worker process 39 exited with code 0
2026/04/27 13:05:46 [notice] 1#1: worker process 41 exited with code 0
2026/04/27 13:05:46 [notice] 1#1: worker process 42 exited with code 0
2026/04/27 13:05:46 [notice] 1#1: worker process 44 exited with code 0
2026/04/27 13:05:46 [notice] 1#1: worker process 45 exited with code 0
2026/04/27 13:05:46 [notice] 1#1: worker process 47 exited with code 0
2026/04/27 13:05:46 [notice] 1#1: signal 29 (SIGIO) received
2026/04/27 13:05:46 [notice] 1#1: signal 17 (SIGCHLD) received from 44
2026/04/27 13:05:56 [notice] 1#1: using the "epoll" event method
2026/04/27 13:05:56 [notice] 1#1: nginx/1.29.8
2026/04/27 13:05:56 [notice] 1#1: built by gcc 15.2.0 (Alpine 15.2.0) 
2026/04/27 13:05:56 [notice] 1#1: OS: Linux 6.6.87.2-microsoft-standard-WSL2
2026/04/27 13:05:56 [notice] 1#1: getrlimit(RLIMIT_NOFILE): 1048576:1048576
2026/04/27 13:05:56 [notice] 1#1: start worker processes
2026/04/27 13:05:56 [notice] 1#1: start worker process 32
2026/04/27 13:05:56 [notice] 1#1: start worker process 33
2026/04/27 13:05:56 [notice] 1#1: start worker process 34
2026/04/27 13:05:56 [notice] 1#1: start worker process 35
2026/04/27 13:05:56 [notice] 1#1: start worker process 36
2026/04/27 13:05:56 [notice] 1#1: start worker process 37
2026/04/27 13:05:56 [notice] 1#1: start worker process 38
2026/04/27 13:05:56 [notice] 1#1: start worker process 39
2026/04/27 13:05:56 [notice] 1#1: start worker process 40
2026/04/27 13:05:56 [notice] 1#1: start worker process 41
2026/04/27 13:05:56 [notice] 1#1: start worker process 42
2026/04/27 13:05:56 [notice] 1#1: start worker process 43
2026/04/27 13:05:56 [notice] 1#1: start worker process 44
2026/04/27 13:05:56 [notice] 1#1: start worker process 45
2026/04/27 13:05:56 [notice] 1#1: start worker process 46
2026/04/27 13:05:56 [notice] 1#1: start worker process 47
2026/04/27 13:08:36 [notice] 1#1: signal 3 (SIGQUIT) received, shutting down
2026/04/27 13:08:36 [notice] 32#32: gracefully shutting down
2026/04/27 13:08:36 [notice] 33#33: gracefully shutting down
2026/04/27 13:08:36 [notice] 35#35: gracefully shutting down
2026/04/27 13:08:36 [notice] 34#34: gracefully shutting down
2026/04/27 13:08:36 [notice] 34#34: exiting
2026/04/27 13:08:36 [notice] 36#36: gracefully shutting down
2026/04/27 13:08:36 [notice] 37#37: gracefully shutting down
2026/04/27 13:08:36 [notice] 38#38: gracefully shutting down
2026/04/27 13:08:36 [notice] 38#38: exiting
2026/04/27 13:08:36 [notice] 39#39: gracefully shutting down
2026/04/27 13:08:36 [notice] 38#38: exit
2026/04/27 13:08:36 [notice] 40#40: gracefully shutting down
2026/04/27 13:08:36 [notice] 41#41: gracefully shutting down
2026/04/27 13:08:36 [notice] 43#43: gracefully shutting down
2026/04/27 13:08:36 [notice] 44#44: gracefully shutting down
2026/04/27 13:08:36 [notice] 45#45: gracefully shutting down
2026/04/27 13:08:36 [notice] 42#42: gracefully shutting down
2026/04/27 13:08:36 [notice] 46#46: gracefully shutting down
2026/04/27 13:08:36 [notice] 47#47: gracefully shutting down
2026/04/27 13:08:36 [notice] 35#35: exiting
2026/04/27 13:08:36 [notice] 34#34: exit
2026/04/27 13:08:36 [notice] 36#36: exiting
2026/04/27 13:08:36 [notice] 37#37: exiting
2026/04/27 13:08:36 [notice] 39#39: exiting
2026/04/27 13:08:36 [notice] 40#40: exiting
2026/04/27 13:08:36 [notice] 39#39: exit
2026/04/27 13:08:36 [notice] 41#41: exiting
2026/04/27 13:08:36 [notice] 43#43: exiting
2026/04/27 13:08:36 [notice] 44#44: exiting
2026/04/27 13:08:36 [notice] 45#45: exiting
2026/04/27 13:08:36 [notice] 42#42: exiting
2026/04/27 13:08:36 [notice] 46#46: exiting
2026/04/27 13:08:36 [notice] 47#47: exiting
2026/04/27 13:08:36 [notice] 46#46: exit
2026/04/27 13:08:36 [notice] 35#35: exit
2026/04/27 13:08:36 [notice] 36#36: exit
2026/04/27 13:08:36 [notice] 37#37: exit
2026/04/27 13:08:36 [notice] 40#40: exit
2026/04/27 13:08:36 [notice] 41#41: exit
2026/04/27 13:08:36 [notice] 43#43: exit
2026/04/27 13:08:36 [notice] 44#44: exit
2026/04/27 13:08:36 [notice] 45#45: exit
2026/04/27 13:08:36 [notice] 42#42: exit
2026/04/27 13:08:36 [notice] 47#47: exit
2026/04/27 13:08:36 [notice] 1#1: signal 17 (SIGCHLD) received from 37
2026/04/27 13:08:36 [notice] 1#1: worker process 34 exited with code 0
2026/04/27 13:08:36 [notice] 1#1: worker process 35 exited with code 0
2026/04/27 13:08:36 [notice] 1#1: worker process 37 exited with code 0
2026/04/27 13:08:36 [notice] 1#1: worker process 38 exited with code 0
2026/04/27 13:08:36 [notice] 1#1: worker process 42 exited with code 0
2026/04/27 13:08:36 [notice] 1#1: worker process 43 exited with code 0
2026/04/27 13:08:36 [notice] 1#1: signal 29 (SIGIO) received
2026/04/27 13:08:36 [notice] 1#1: signal 17 (SIGCHLD) received from 44
2026/04/27 13:08:36 [notice] 1#1: worker process 44 exited with code 0
2026/04/27 13:08:36 [notice] 1#1: signal 29 (SIGIO) received
2026/04/27 13:08:36 [notice] 1#1: signal 17 (SIGCHLD) received from 41
2026/04/27 13:08:36 [notice] 1#1: worker process 36 exited with code 0
2026/04/27 13:08:36 [notice] 1#1: worker process 39 exited with code 0
2026/04/27 13:08:36 [notice] 1#1: worker process 41 exited with code 0
2026/04/27 13:08:36 [notice] 1#1: worker process 45 exited with code 0
2026/04/27 13:08:36 [notice] 1#1: worker process 46 exited with code 0
2026/04/27 13:08:36 [notice] 1#1: worker process 47 exited with code 0
2026/04/27 13:08:36 [notice] 1#1: signal 29 (SIGIO) received
2026/04/27 13:08:36 [notice] 1#1: signal 17 (SIGCHLD) received from 40
2026/04/27 13:08:36 [notice] 1#1: worker process 40 exited with code 0
2026/04/27 13:08:36 [notice] 1#1: signal 29 (SIGIO) received
2026/04/27 13:08:46 [notice] 1#1: using the "epoll" event method
2026/04/27 13:08:46 [notice] 1#1: nginx/1.29.8
2026/04/27 13:08:46 [notice] 1#1: built by gcc 15.2.0 (Alpine 15.2.0) 
2026/04/27 13:08:46 [notice] 1#1: OS: Linux 6.6.87.2-microsoft-standard-WSL2
2026/04/27 13:08:46 [notice] 1#1: getrlimit(RLIMIT_NOFILE): 1048576:1048576
2026/04/27 13:08:46 [notice] 1#1: start worker processes
2026/04/27 13:08:46 [notice] 1#1: start worker process 32
2026/04/27 13:08:46 [notice] 1#1: start worker process 33
2026/04/27 13:08:46 [notice] 1#1: start worker process 34
2026/04/27 13:08:46 [notice] 1#1: start worker process 35
2026/04/27 13:08:46 [notice] 1#1: start worker process 36
2026/04/27 13:08:46 [notice] 1#1: start worker process 37
2026/04/27 13:08:46 [notice] 1#1: start worker process 38
2026/04/27 13:08:46 [notice] 1#1: start worker process 39
2026/04/27 13:08:46 [notice] 1#1: start worker process 40
2026/04/27 13:08:46 [notice] 1#1: start worker process 41
2026/04/27 13:08:46 [notice] 1#1: start worker process 42
2026/04/27 13:08:46 [notice] 1#1: start worker process 43
2026/04/27 13:08:46 [notice] 1#1: start worker process 44
2026/04/27 13:08:46 [notice] 1#1: start worker process 45
2026/04/27 13:08:46 [notice] 1#1: start worker process 46
2026/04/27 13:08:46 [notice] 1#1: start worker process 47
2026/04/27 13:09:44 [notice] 1#1: signal 3 (SIGQUIT) received, shutting down
2026/04/27 13:09:44 [notice] 32#32: gracefully shutting down
2026/04/27 13:09:44 [notice] 41#41: gracefully shutting down
2026/04/27 13:09:44 [notice] 33#33: gracefully shutting down
2026/04/27 13:09:44 [notice] 34#34: gracefully shutting down
2026/04/27 13:09:44 [notice] 35#35: gracefully shutting down
2026/04/27 13:09:44 [notice] 36#36: gracefully shutting down
2026/04/27 13:09:44 [notice] 38#38: gracefully shutting down
2026/04/27 13:09:44 [notice] 37#37: gracefully shutting down
2026/04/27 13:09:44 [notice] 39#39: gracefully shutting down
2026/04/27 13:09:44 [notice] 40#40: gracefully shutting down
2026/04/27 13:09:44 [notice] 32#32: exiting
2026/04/27 13:09:44 [notice] 42#42: gracefully shutting down
2026/04/27 13:09:44 [notice] 43#43: gracefully shutting down
2026/04/27 13:09:44 [notice] 44#44: gracefully shutting down
2026/04/27 13:09:44 [notice] 45#45: gracefully shutting down
2026/04/27 13:09:44 [notice] 46#46: gracefully shutting down
2026/04/27 13:09:44 [notice] 47#47: gracefully shutting down
2026/04/27 13:09:44 [notice] 41#41: exiting
2026/04/27 13:09:44 [notice] 33#33: exiting
2026/04/27 13:09:44 [notice] 34#34: exiting
2026/04/27 13:09:44 [notice] 35#35: exiting
2026/04/27 13:09:44 [notice] 34#34: exit
2026/04/27 13:09:44 [notice] 36#36: exiting
2026/04/27 13:09:44 [notice] 38#38: exiting
2026/04/27 13:09:44 [notice] 37#37: exiting
2026/04/27 13:09:44 [notice] 39#39: exiting
2026/04/27 13:09:44 [notice] 40#40: exiting
2026/04/27 13:09:44 [notice] 32#32: exit
2026/04/27 13:09:44 [notice] 42#42: exiting
2026/04/27 13:09:44 [notice] 43#43: exiting
2026/04/27 13:09:44 [notice] 44#44: exiting
2026/04/27 13:09:44 [notice] 45#45: exiting
2026/04/27 13:09:44 [notice] 44#44: exit
2026/04/27 13:09:44 [notice] 46#46: exiting
2026/04/27 13:09:44 [notice] 45#45: exit
2026/04/27 13:09:44 [notice] 47#47: exiting
2026/04/27 13:09:44 [notice] 41#41: exit
2026/04/27 13:09:44 [notice] 33#33: exit
2026/04/27 13:09:44 [notice] 35#35: exit
2026/04/27 13:09:44 [notice] 36#36: exit
2026/04/27 13:09:44 [notice] 38#38: exit
2026/04/27 13:09:44 [notice] 37#37: exit
2026/04/27 13:09:44 [notice] 39#39: exit
2026/04/27 13:09:44 [notice] 40#40: exit
2026/04/27 13:09:44 [notice] 42#42: exit
2026/04/27 13:09:44 [notice] 43#43: exit
2026/04/27 13:09:44 [notice] 46#46: exit
2026/04/27 13:09:44 [notice] 47#47: exit
2026/04/27 13:09:44 [notice] 1#1: signal 17 (SIGCHLD) received from 44
2026/04/27 13:09:44 [notice] 1#1: worker process 44 exited with code 0
2026/04/27 13:09:44 [notice] 1#1: signal 29 (SIGIO) received
2026/04/27 13:09:44 [notice] 1#1: signal 17 (SIGCHLD) received from 34
2026/04/27 13:09:44 [notice] 1#1: worker process 34 exited with code 0
2026/04/27 13:09:44 [notice] 1#1: signal 29 (SIGIO) received
2026/04/27 13:09:44 [notice] 1#1: signal 17 (SIGCHLD) received from 43
2026/04/27 13:09:44 [notice] 1#1: worker process 33 exited with code 0
2026/04/27 13:09:44 [notice] 1#1: worker process 35 exited with code 0
2026/04/27 13:09:44 [notice] 1#1: worker process 36 exited with code 0
2026/04/27 13:09:44 [notice] 1#1: worker process 37 exited with code 0
2026/04/27 13:09:44 [notice] 1#1: worker process 38 exited with code 0
2026/04/27 13:09:44 [notice] 1#1: worker process 39 exited with code 0
2026/04/27 13:09:44 [notice] 1#1: worker process 40 exited with code 0
2026/04/27 13:09:44 [notice] 1#1: worker process 42 exited with code 0
2026/04/27 13:09:44 [notice] 1#1: worker process 43 exited with code 0
2026/04/27 13:09:44 [notice] 1#1: worker process 45 exited with code 0
2026/04/27 13:09:44 [notice] 1#1: worker process 46 exited with code 0
2026/04/27 13:09:44 [notice] 1#1: worker process 47 exited with code 0
2026/04/27 13:09:44 [notice] 1#1: signal 29 (SIGIO) received
2026/04/27 13:09:44 [notice] 1#1: signal 17 (SIGCHLD) received from 40
2026/04/27 13:09:44 [notice] 1#1: signal 17 (SIGCHLD) received from 41
2026/04/27 13:09:44 [notice] 1#1: worker process 32 exited with code 0
2026/04/27 13:09:44 [notice] 1#1: worker process 41 exited with code 0
2026/04/27 13:09:44 [notice] 1#1: exit
2026/04/27 13:09:45 [notice] 1#1: using the "epoll" event method
2026/04/27 13:09:45 [notice] 1#1: nginx/1.29.8
2026/04/27 13:09:45 [notice] 1#1: built by gcc 15.2.0 (Alpine 15.2.0) 
2026/04/27 13:09:45 [notice] 1#1: OS: Linux 6.6.87.2-microsoft-standard-WSL2
2026/04/27 13:09:45 [notice] 1#1: getrlimit(RLIMIT_NOFILE): 1048576:1048576
2026/04/27 13:09:45 [notice] 1#1: start worker processes
2026/04/27 13:09:45 [notice] 1#1: start worker process 32
2026/04/27 13:09:45 [notice] 1#1: start worker process 33
2026/04/27 13:09:45 [notice] 1#1: start worker process 34
2026/04/27 13:09:45 [notice] 1#1: start worker process 35
2026/04/27 13:09:45 [notice] 1#1: start worker process 36
2026/04/27 13:09:45 [notice] 1#1: start worker process 37
2026/04/27 13:09:45 [notice] 1#1: start worker process 38
2026/04/27 13:09:45 [notice] 1#1: start worker process 39
2026/04/27 13:09:45 [notice] 1#1: start worker process 40
2026/04/27 13:09:45 [notice] 1#1: start worker process 41
2026/04/27 13:09:45 [notice] 1#1: start worker process 42
2026/04/27 13:09:45 [notice] 1#1: start worker process 43
2026/04/27 13:09:45 [notice] 1#1: start worker process 44
2026/04/27 13:09:45 [notice] 1#1: start worker process 45
2026/04/27 13:09:45 [notice] 1#1: start worker process 46
2026/04/27 13:09:45 [notice] 1#1: start worker process 47
2026/04/27 13:20:38 [notice] 1#1: signal 3 (SIGQUIT) received, shutting down
2026/04/27 13:20:38 [notice] 32#32: gracefully shutting down
2026/04/27 13:20:38 [notice] 39#39: gracefully shutting down
2026/04/27 13:20:38 [notice] 33#33: gracefully shutting down
2026/04/27 13:20:38 [notice] 34#34: gracefully shutting down
2026/04/27 13:20:38 [notice] 35#35: gracefully shutting down
2026/04/27 13:20:38 [notice] 36#36: gracefully shutting down
2026/04/27 13:20:38 [notice] 37#37: gracefully shutting down
2026/04/27 13:20:38 [notice] 38#38: gracefully shutting down
2026/04/27 13:20:38 [notice] 40#40: gracefully shutting down
2026/04/27 13:20:38 [notice] 32#32: exiting
2026/04/27 13:20:38 [notice] 41#41: gracefully shutting down
2026/04/27 13:20:38 [notice] 42#42: gracefully shutting down
2026/04/27 13:20:38 [notice] 43#43: gracefully shutting down
2026/04/27 13:20:38 [notice] 44#44: gracefully shutting down
2026/04/27 13:20:38 [notice] 45#45: gracefully shutting down
2026/04/27 13:20:38 [notice] 46#46: gracefully shutting down
2026/04/27 13:20:38 [notice] 47#47: gracefully shutting down
2026/04/27 13:20:38 [notice] 39#39: exiting
2026/04/27 13:20:38 [notice] 34#34: exiting
2026/04/27 13:20:38 [notice] 35#35: exiting
2026/04/27 13:20:38 [notice] 36#36: exiting
2026/04/27 13:20:38 [notice] 35#35: exit
2026/04/27 13:20:38 [notice] 37#37: exiting
2026/04/27 13:20:38 [notice] 38#38: exiting
2026/04/27 13:20:38 [notice] 40#40: exiting
2026/04/27 13:20:38 [notice] 38#38: exit
2026/04/27 13:20:38 [notice] 41#41: exiting
2026/04/27 13:20:38 [notice] 32#32: exit
2026/04/27 13:20:38 [notice] 41#41: exit
2026/04/27 13:20:38 [notice] 42#42: exiting
2026/04/27 13:20:38 [notice] 43#43: exiting
2026/04/27 13:20:38 [notice] 44#44: exiting
2026/04/27 13:20:38 [notice] 43#43: exit
2026/04/27 13:20:38 [notice] 45#45: exiting
2026/04/27 13:20:38 [notice] 46#46: exiting
2026/04/27 13:20:38 [notice] 45#45: exit
2026/04/27 13:20:38 [notice] 47#47: exiting
2026/04/27 13:20:38 [notice] 39#39: exit
2026/04/27 13:20:38 [notice] 34#34: exit
2026/04/27 13:20:38 [notice] 36#36: exit
2026/04/27 13:20:38 [notice] 37#37: exit
2026/04/27 13:20:38 [notice] 40#40: exit
2026/04/27 13:20:38 [notice] 42#42: exit
2026/04/27 13:20:38 [notice] 44#44: exit
2026/04/27 13:20:38 [notice] 46#46: exit
2026/04/27 13:20:38 [notice] 47#47: exit
2026/04/27 13:20:38 [notice] 1#1: signal 17 (SIGCHLD) received from 40
2026/04/27 13:20:38 [notice] 1#1: worker process 35 exited with code 0
2026/04/27 13:20:38 [notice] 1#1: worker process 38 exited with code 0
2026/04/27 13:20:38 [notice] 1#1: worker process 39 exited with code 0
2026/04/27 13:20:38 [notice] 1#1: worker process 40 exited with code 0
2026/04/27 13:20:38 [notice] 1#1: worker process 41 exited with code 0
2026/04/27 13:20:38 [notice] 1#1: worker process 42 exited with code 0
2026/04/27 13:20:38 [notice] 1#1: worker process 44 exited with code 0
2026/04/27 13:20:38 [notice] 1#1: worker process 45 exited with code 0
2026/04/27 13:20:38 [notice] 1#1: signal 29 (SIGIO) received
2026/04/27 13:20:38 [notice] 1#1: signal 17 (SIGCHLD) received from 44
2026/04/27 13:20:38 [notice] 1#1: signal 17 (SIGCHLD) received from 34
2026/04/27 13:20:38 [notice] 1#1: worker process 32 exited with code 0
2026/04/27 13:20:38 [notice] 1#1: worker process 34 exited with code 0
2026/04/27 13:20:38 [notice] 1#1: worker process 36 exited with code 0
2026/04/27 13:20:38 [notice] 1#1: worker process 43 exited with code 0
2026/04/27 13:20:38 [notice] 1#1: worker process 46 exited with code 0
2026/04/27 13:20:38 [notice] 1#1: signal 29 (SIGIO) received
2026/04/27 13:20:38 [notice] 1#1: signal 17 (SIGCHLD) received from 32
2026/04/27 13:20:38 [notice] 1#1: signal 17 (SIGCHLD) received from 37
2026/04/27 13:20:38 [notice] 1#1: worker process 37 exited with code 0
2026/04/27 13:20:38 [notice] 1#1: worker process 47 exited with code 0
2026/04/27 13:20:38 [notice] 1#1: signal 29 (SIGIO) received
2026/04/27 13:20:38 [notice] 1#1: signal 17 (SIGCHLD) received from 47
2026/04/27 13:20:50 [notice] 1#1: using the "epoll" event method
2026/04/27 13:20:50 [notice] 1#1: nginx/1.29.8
2026/04/27 13:20:50 [notice] 1#1: built by gcc 15.2.0 (Alpine 15.2.0) 
2026/04/27 13:20:50 [notice] 1#1: OS: Linux 6.6.87.2-microsoft-standard-WSL2
2026/04/27 13:20:50 [notice] 1#1: getrlimit(RLIMIT_NOFILE): 1048576:1048576
2026/04/27 13:20:50 [notice] 1#1: start worker processes
2026/04/27 13:20:50 [notice] 1#1: start worker process 29
2026/04/27 13:20:50 [notice] 1#1: start worker process 30
2026/04/27 13:20:50 [notice] 1#1: start worker process 31
2026/04/27 13:20:50 [notice] 1#1: start worker process 32
2026/04/27 13:20:50 [notice] 1#1: start worker process 33
2026/04/27 13:20:50 [notice] 1#1: start worker process 34
2026/04/27 13:20:50 [notice] 1#1: start worker process 35
2026/04/27 13:20:50 [notice] 1#1: start worker process 36
2026/04/27 13:20:50 [notice] 1#1: start worker process 37
2026/04/27 13:20:50 [notice] 1#1: start worker process 38
2026/04/27 13:20:50 [notice] 1#1: start worker process 39
2026/04/27 13:20:50 [notice] 1#1: start worker process 40
2026/04/27 13:20:50 [notice] 1#1: start worker process 41
2026/04/27 13:20:50 [notice] 1#1: start worker process 42
2026/04/27 13:20:50 [notice] 1#1: start worker process 43
2026/04/27 13:20:50 [notice] 1#1: start worker process 44
2026/04/27 13:21:02 [error] 32#32: *8 open() "/var/www/uploads/6daae0862e5f487fad406944ae832ca8.jpg" failed (2: No such file or directory), client: 172.18.0.1, server: localhost, request: "GET /static/icons/6daae0862e5f487fad406944ae832ca8.jpg HTTP/1.1", host: "localhost", referrer: "https://localhost/"
2026/04/27 13:21:02 [error] 30#30: *2 open() "/var/www/uploads/37ebd31ea1c0411c81e272df600c6878.png" failed (2: No such file or directory), client: 172.18.0.1, server: localhost, request: "GET /static/icons/37ebd31ea1c0411c81e272df600c6878.png HTTP/1.1", host: "localhost", referrer: "https://localhost/"
2026/04/27 13:24:33 [notice] 1#1: signal 3 (SIGQUIT) received, shutting down
2026/04/27 13:24:33 [notice] 29#29: gracefully shutting down
2026/04/27 13:24:33 [notice] 30#30: gracefully shutting down
2026/04/27 13:24:33 [notice] 31#31: gracefully shutting down
2026/04/27 13:24:33 [notice] 33#33: gracefully shutting down
2026/04/27 13:24:33 [notice] 32#32: gracefully shutting down
2026/04/27 13:24:33 [notice] 34#34: gracefully shutting down
2026/04/27 13:24:33 [notice] 35#35: gracefully shutting down
2026/04/27 13:24:33 [notice] 36#36: gracefully shutting down
2026/04/27 13:24:33 [notice] 38#38: gracefully shutting down
2026/04/27 13:24:33 [notice] 39#39: gracefully shutting down
2026/04/27 13:24:33 [notice] 37#37: gracefully shutting down
2026/04/27 13:24:33 [notice] 37#37: exiting
2026/04/27 13:24:33 [notice] 40#40: gracefully shutting down
2026/04/27 13:24:33 [notice] 41#41: gracefully shutting down
2026/04/27 13:24:33 [notice] 42#42: gracefully shutting down
2026/04/27 13:24:33 [notice] 43#43: gracefully shutting down
2026/04/27 13:24:33 [notice] 44#44: gracefully shutting down
2026/04/27 13:24:33 [notice] 29#29: exiting
2026/04/27 13:24:33 [notice] 30#30: exiting
2026/04/27 13:24:33 [notice] 31#31: exiting
2026/04/27 13:24:33 [notice] 33#33: exiting
2026/04/27 13:24:33 [notice] 32#32: exiting
2026/04/27 13:24:33 [notice] 34#34: exiting
2026/04/27 13:24:33 [notice] 32#32: exit
2026/04/27 13:24:33 [notice] 35#35: exiting
2026/04/27 13:24:33 [notice] 38#38: exiting
2026/04/27 13:24:33 [notice] 36#36: exiting
2026/04/27 13:24:33 [notice] 39#39: exiting
2026/04/27 13:24:33 [notice] 37#37: exit
2026/04/27 13:24:33 [notice] 40#40: exiting
2026/04/27 13:24:33 [notice] 41#41: exiting
2026/04/27 13:24:33 [notice] 42#42: exiting
2026/04/27 13:24:33 [notice] 43#43: exiting
2026/04/27 13:24:33 [notice] 44#44: exiting
2026/04/27 13:24:33 [notice] 29#29: exit
2026/04/27 13:24:33 [notice] 30#30: exit
2026/04/27 13:24:33 [notice] 31#31: exit
2026/04/27 13:24:33 [notice] 33#33: exit
2026/04/27 13:24:33 [notice] 34#34: exit
2026/04/27 13:24:33 [notice] 35#35: exit
2026/04/27 13:24:33 [notice] 38#38: exit
2026/04/27 13:24:33 [notice] 36#36: exit
2026/04/27 13:24:33 [notice] 39#39: exit
2026/04/27 13:24:33 [notice] 40#40: exit
2026/04/27 13:24:33 [notice] 41#41: exit
2026/04/27 13:24:33 [notice] 42#42: exit
2026/04/27 13:24:33 [notice] 43#43: exit
2026/04/27 13:24:33 [notice] 44#44: exit
2026/04/27 13:24:33 [notice] 1#1: signal 17 (SIGCHLD) received from 37
2026/04/27 13:24:33 [notice] 1#1: worker process 37 exited with code 0
2026/04/27 13:24:33 [notice] 1#1: signal 29 (SIGIO) received
2026/04/27 13:24:33 [notice] 1#1: signal 17 (SIGCHLD) received from 33
2026/04/27 13:24:33 [notice] 1#1: worker process 33 exited with code 0
2026/04/27 13:24:33 [notice] 1#1: worker process 34 exited with code 0
2026/04/27 13:24:33 [notice] 1#1: worker process 44 exited with code 0
2026/04/27 13:24:33 [notice] 1#1: signal 29 (SIGIO) received
2026/04/27 13:24:33 [notice] 1#1: signal 17 (SIGCHLD) received from 40
2026/04/27 13:24:33 [notice] 1#1: worker process 29 exited with code 0
2026/04/27 13:24:33 [notice] 1#1: worker process 30 exited with code 0
2026/04/27 13:24:33 [notice] 1#1: worker process 31 exited with code 0
2026/04/27 13:24:33 [notice] 1#1: worker process 32 exited with code 0
2026/04/27 13:24:33 [notice] 1#1: worker process 35 exited with code 0
2026/04/27 13:24:33 [notice] 1#1: worker process 38 exited with code 0
2026/04/27 13:24:33 [notice] 1#1: worker process 39 exited with code 0
2026/04/27 13:24:33 [notice] 1#1: worker process 36 exited with code 0
2026/04/27 13:24:33 [notice] 1#1: worker process 40 exited with code 0
2026/04/27 13:24:33 [notice] 1#1: worker process 41 exited with code 0
2026/04/27 13:24:33 [notice] 1#1: worker process 42 exited with code 0
2026/04/27 13:24:33 [notice] 1#1: worker process 43 exited with code 0
2026/04/27 13:24:33 [notice] 1#1: exit
2026/04/27 13:26:42 [notice] 1#1: using the "epoll" event method
2026/04/27 13:26:42 [notice] 1#1: nginx/1.29.8
2026/04/27 13:26:42 [notice] 1#1: built by gcc 15.2.0 (Alpine 15.2.0) 
2026/04/27 13:26:42 [notice] 1#1: OS: Linux 6.6.87.2-microsoft-standard-WSL2
2026/04/27 13:26:42 [notice] 1#1: getrlimit(RLIMIT_NOFILE): 1048576:1048576
2026/04/27 13:26:42 [notice] 1#1: start worker processes
2026/04/27 13:26:42 [notice] 1#1: start worker process 29
2026/04/27 13:26:42 [notice] 1#1: start worker process 30
2026/04/27 13:26:42 [notice] 1#1: start worker process 31
2026/04/27 13:26:42 [notice] 1#1: start worker process 32
2026/04/27 13:26:42 [notice] 1#1: start worker process 33
2026/04/27 13:26:42 [notice] 1#1: start worker process 34
2026/04/27 13:26:42 [notice] 1#1: start worker process 35
2026/04/27 13:26:42 [notice] 1#1: start worker process 36
2026/04/27 13:26:42 [notice] 1#1: start worker process 37
2026/04/27 13:26:42 [notice] 1#1: start worker process 38
2026/04/27 13:26:42 [notice] 1#1: start worker process 39
2026/04/27 13:26:42 [notice] 1#1: start worker process 40
2026/04/27 13:26:42 [notice] 1#1: start worker process 41
2026/04/27 13:26:42 [notice] 1#1: start worker process 42
2026/04/27 13:26:42 [notice] 1#1: start worker process 43
2026/04/27 13:26:42 [notice] 1#1: start worker process 44
2026/04/27 13:35:57 [error] 40#40: *41 connect() failed (111: Connection refused) while connecting to upstream, client: 172.18.0.1, server: localhost, request: "GET / HTTP/1.1", upstream: "http://172.18.0.2:5173/", host: "localhost"
2026/04/27 13:42:52 [error] 42#42: *45 client intended to send too large body: 4178265 bytes, client: 172.18.0.1, server: localhost, request: "POST /api/notes HTTP/1.1", host: "localhost", referrer: "https://localhost/"
2026/04/27 14:05:43 [notice] 1#1: signal 3 (SIGQUIT) received, shutting down
2026/04/27 14:05:43 [notice] 29#29: gracefully shutting down
2026/04/27 14:05:43 [notice] 30#30: gracefully shutting down
2026/04/27 14:05:43 [notice] 31#31: gracefully shutting down
2026/04/27 14:05:43 [notice] 30#30: exiting
2026/04/27 14:05:43 [notice] 31#31: exiting
2026/04/27 14:05:43 [notice] 42#42: gracefully shutting down
2026/04/27 14:05:43 [notice] 41#41: gracefully shutting down
2026/04/27 14:05:43 [notice] 34#34: gracefully shutting down
2026/04/27 14:05:43 [notice] 37#37: gracefully shutting down
2026/04/27 14:05:43 [notice] 35#35: gracefully shutting down
2026/04/27 14:05:43 [notice] 39#39: gracefully shutting down
2026/04/27 14:05:43 [notice] 43#43: gracefully shutting down
2026/04/27 14:05:43 [notice] 36#36: gracefully shutting down
2026/04/27 14:05:43 [notice] 38#38: gracefully shutting down
2026/04/27 14:05:43 [notice] 40#40: gracefully shutting down
2026/04/27 14:05:43 [notice] 44#44: gracefully shutting down
2026/04/27 14:05:43 [notice] 33#33: gracefully shutting down
2026/04/27 14:05:43 [notice] 32#32: gracefully shutting down
2026/04/27 14:05:43 [notice] 42#42: exiting
2026/04/27 14:05:43 [notice] 41#41: exiting
2026/04/27 14:05:43 [notice] 34#34: exiting
2026/04/27 14:05:43 [notice] 37#37: exiting
2026/04/27 14:05:43 [notice] 35#35: exiting
2026/04/27 14:05:43 [notice] 43#43: exiting
2026/04/27 14:05:43 [notice] 39#39: exiting
2026/04/27 14:05:43 [notice] 36#36: exiting
2026/04/27 14:05:43 [notice] 38#38: exiting
2026/04/27 14:05:43 [notice] 44#44: exiting
2026/04/27 14:05:43 [notice] 40#40: exiting
2026/04/27 14:05:43 [notice] 33#33: exiting
2026/04/27 14:05:43 [notice] 32#32: exiting
2026/04/27 14:05:43 [notice] 30#30: exit
2026/04/27 14:05:43 [notice] 31#31: exit
2026/04/27 14:05:43 [notice] 41#41: exit
2026/04/27 14:05:43 [notice] 35#35: exit
2026/04/27 14:05:43 [notice] 37#37: exit
2026/04/27 14:05:43 [notice] 34#34: exit
2026/04/27 14:05:43 [notice] 42#42: exit
2026/04/27 14:05:43 [notice] 43#43: exit
2026/04/27 14:05:43 [notice] 44#44: exit
2026/04/27 14:05:43 [notice] 36#36: exit
2026/04/27 14:05:43 [notice] 33#33: exit
2026/04/27 14:05:43 [notice] 38#38: exit
2026/04/27 14:05:43 [notice] 32#32: exit
2026/04/27 14:05:43 [notice] 40#40: exit
2026/04/27 14:05:43 [notice] 39#39: exit
2026/04/27 14:05:43 [notice] 1#1: signal 17 (SIGCHLD) received from 39
2026/04/27 14:05:43 [notice] 1#1: worker process 39 exited with code 0
2026/04/27 14:05:43 [notice] 1#1: worker process 32 exited with code 0
2026/04/27 14:05:43 [notice] 1#1: signal 29 (SIGIO) received
2026/04/27 14:05:43 [notice] 1#1: signal 17 (SIGCHLD) received from 32
2026/04/27 14:05:43 [notice] 1#1: worker process 42 exited with code 0
2026/04/27 14:05:43 [notice] 1#1: signal 29 (SIGIO) received
2026/04/27 14:05:43 [notice] 1#1: signal 17 (SIGCHLD) received from 42
2026/04/27 14:05:43 [notice] 1#1: signal 17 (SIGCHLD) received from 41
2026/04/27 14:05:43 [notice] 1#1: worker process 41 exited with code 0
2026/04/27 14:05:43 [notice] 1#1: signal 29 (SIGIO) received
2026/04/27 14:05:43 [notice] 1#1: signal 17 (SIGCHLD) received from 34
2026/04/27 14:05:43 [notice] 1#1: worker process 31 exited with code 0
2026/04/27 14:05:43 [notice] 1#1: worker process 33 exited with code 0
2026/04/27 14:05:43 [notice] 1#1: worker process 34 exited with code 0
2026/04/27 14:05:43 [notice] 1#1: signal 29 (SIGIO) received
2026/04/27 14:05:43 [notice] 1#1: signal 17 (SIGCHLD) received from 33
2026/04/27 14:05:43 [notice] 1#1: signal 17 (SIGCHLD) received from 38
2026/04/27 14:05:43 [notice] 1#1: worker process 38 exited with code 0
2026/04/27 14:05:43 [notice] 1#1: signal 29 (SIGIO) received
2026/04/27 14:05:43 [notice] 1#1: signal 17 (SIGCHLD) received from 36
2026/04/27 14:05:43 [notice] 1#1: worker process 30 exited with code 0
2026/04/27 14:05:43 [notice] 1#1: worker process 36 exited with code 0
2026/04/27 14:05:43 [notice] 1#1: signal 29 (SIGIO) received
2026/04/27 14:05:43 [notice] 1#1: signal 17 (SIGCHLD) received from 43
2026/04/27 14:05:43 [notice] 1#1: worker process 43 exited with code 0
2026/04/27 14:05:43 [notice] 1#1: signal 29 (SIGIO) received
2026/04/27 14:05:43 [notice] 1#1: signal 17 (SIGCHLD) received from 44
2026/04/27 14:05:43 [notice] 1#1: worker process 35 exited with code 0
2026/04/27 14:05:43 [notice] 1#1: worker process 44 exited with code 0
2026/04/27 14:05:43 [notice] 1#1: signal 29 (SIGIO) received
2026/04/27 14:05:43 [notice] 1#1: signal 17 (SIGCHLD) received from 35
2026/04/27 14:05:43 [notice] 1#1: signal 17 (SIGCHLD) received from 40
2026/04/27 14:05:43 [notice] 1#1: worker process 40 exited with code 0
2026/04/27 14:05:43 [notice] 1#1: signal 29 (SIGIO) received
2026/04/27 14:05:43 [notice] 1#1: signal 17 (SIGCHLD) received from 37
2026/04/27 14:05:43 [notice] 1#1: worker process 37 exited with code 0
2026/04/27 14:05:43 [notice] 1#1: signal 29 (SIGIO) received
2026/06/05 13:54:09 [notice] 1#1: using the "epoll" event method
2026/06/05 13:54:09 [notice] 1#1: nginx/1.31.1
2026/06/05 13:54:09 [notice] 1#1: built by gcc 15.2.0 (Alpine 15.2.0) 
2026/06/05 13:54:09 [notice] 1#1: OS: Linux 6.6.114.1-microsoft-standard-WSL2
2026/06/05 13:54:09 [notice] 1#1: getrlimit(RLIMIT_NOFILE): 1048576:1048576
2026/06/05 13:54:09 [notice] 1#1: start worker processes
2026/06/05 13:54:09 [notice] 1#1: start worker process 29
2026/06/05 13:54:09 [notice] 1#1: start worker process 30
2026/06/05 13:54:09 [notice] 1#1: start worker process 31
2026/06/05 13:54:09 [notice] 1#1: start worker process 32
2026/06/05 13:54:09 [notice] 1#1: start worker process 33
2026/06/05 13:54:09 [notice] 1#1: start worker process 34
2026/06/05 13:54:09 [notice] 1#1: start worker process 35
2026/06/05 13:54:09 [notice] 1#1: start worker process 36
2026/06/05 13:54:09 [notice] 1#1: start worker process 37
2026/06/05 13:54:09 [notice] 1#1: start worker process 38
2026/06/05 13:54:09 [notice] 1#1: start worker process 39
2026/06/05 13:54:09 [notice] 1#1: start worker process 40
2026/06/05 13:54:09 [notice] 1#1: start worker process 41
2026/06/05 13:54:09 [notice] 1#1: start worker process 42
2026/06/05 13:54:09 [notice] 1#1: start worker process 43
2026/06/05 13:54:09 [notice] 1#1: start worker process 44
2026/06/05 13:55:55 [notice] 1#1: signal 3 (SIGQUIT) received, shutting down
2026/06/05 13:55:55 [notice] 29#29: gracefully shutting down
2026/06/05 13:55:55 [notice] 39#39: gracefully shutting down
2026/06/05 13:55:55 [notice] 30#30: gracefully shutting down
2026/06/05 13:55:55 [notice] 31#31: gracefully shutting down
2026/06/05 13:55:55 [notice] 32#32: gracefully shutting down
2026/06/05 13:55:55 [notice] 33#33: gracefully shutting down
2026/06/05 13:55:55 [notice] 33#33: exiting
2026/06/05 13:55:55 [notice] 34#34: gracefully shutting down
2026/06/05 13:55:55 [notice] 35#35: gracefully shutting down
2026/06/05 13:55:55 [notice] 36#36: gracefully shutting down
2026/06/05 13:55:55 [notice] 37#37: gracefully shutting down
2026/06/05 13:55:55 [notice] 38#38: gracefully shutting down
2026/06/05 13:55:55 [notice] 40#40: gracefully shutting down
2026/06/05 13:55:55 [notice] 29#29: exiting
2026/06/05 13:55:55 [notice] 41#41: gracefully shutting down
2026/06/05 13:55:55 [notice] 42#42: gracefully shutting down
2026/06/05 13:55:55 [notice] 29#29: exit
2026/06/05 13:55:55 [notice] 43#43: gracefully shutting down
2026/06/05 13:55:55 [notice] 44#44: gracefully shutting down
2026/06/05 13:55:55 [notice] 39#39: exiting
2026/06/05 13:55:55 [notice] 30#30: exiting
2026/06/05 13:55:55 [notice] 31#31: exiting
2026/06/05 13:55:55 [notice] 32#32: exiting
2026/06/05 13:55:55 [notice] 34#34: exiting
2026/06/05 13:55:55 [notice] 35#35: exiting
2026/06/05 13:55:55 [notice] 36#36: exiting
2026/06/05 13:55:55 [notice] 37#37: exiting
2026/06/05 13:55:55 [notice] 33#33: exit
2026/06/05 13:55:55 [notice] 38#38: exiting
2026/06/05 13:55:55 [notice] 40#40: exiting
2026/06/05 13:55:55 [notice] 41#41: exiting
2026/06/05 13:55:55 [notice] 42#42: exiting
2026/06/05 13:55:55 [notice] 43#43: exiting
2026/06/05 13:55:55 [notice] 42#42: exit
2026/06/05 13:55:55 [notice] 44#44: exiting
2026/06/05 13:55:55 [notice] 39#39: exit
2026/06/05 13:55:55 [notice] 30#30: exit
2026/06/05 13:55:55 [notice] 31#31: exit
2026/06/05 13:55:55 [notice] 32#32: exit
2026/06/05 13:55:55 [notice] 34#34: exit
2026/06/05 13:55:55 [notice] 35#35: exit
2026/06/05 13:55:55 [notice] 36#36: exit
2026/06/05 13:55:55 [notice] 37#37: exit
2026/06/05 13:55:55 [notice] 38#38: exit
2026/06/05 13:55:55 [notice] 40#40: exit
2026/06/05 13:55:55 [notice] 41#41: exit
2026/06/05 13:55:55 [notice] 43#43: exit
2026/06/05 13:55:55 [notice] 44#44: exit
2026/06/05 13:55:55 [notice] 1#1: signal 17 (SIGCHLD) received from 44
2026/06/05 13:55:55 [notice] 1#1: worker process 44 exited with code 0
2026/06/05 13:55:55 [notice] 1#1: signal 29 (SIGIO) received
2026/06/05 13:55:55 [notice] 1#1: signal 17 (SIGCHLD) received from 31
2026/06/05 13:55:55 [notice] 1#1: worker process 31 exited with code 0
2026/06/05 13:55:55 [notice] 1#1: signal 29 (SIGIO) received
2026/06/05 13:55:55 [notice] 1#1: signal 17 (SIGCHLD) received from 39
2026/06/05 13:55:55 [notice] 1#1: worker process 29 exited with code 0
2026/06/05 13:55:55 [notice] 1#1: worker process 39 exited with code 0
2026/06/05 13:55:55 [notice] 1#1: signal 29 (SIGIO) received
2026/06/05 13:55:55 [notice] 1#1: signal 17 (SIGCHLD) received from 29
2026/06/05 13:55:55 [notice] 1#1: signal 17 (SIGCHLD) received from 30
2026/06/05 13:55:55 [notice] 1#1: worker process 30 exited with code 0
2026/06/05 13:55:55 [notice] 1#1: worker process 33 exited with code 0
2026/06/05 13:55:55 [notice] 1#1: worker process 37 exited with code 0
2026/06/05 13:55:55 [notice] 1#1: worker process 42 exited with code 0
2026/06/05 13:55:55 [notice] 1#1: signal 29 (SIGIO) received
2026/06/05 13:55:55 [notice] 1#1: signal 17 (SIGCHLD) received from 33
2026/06/05 13:55:55 [notice] 1#1: signal 17 (SIGCHLD) received from 41
2026/06/05 13:55:55 [notice] 1#1: worker process 34 exited with code 0
2026/06/05 13:55:55 [notice] 1#1: worker process 36 exited with code 0
2026/06/05 13:55:55 [notice] 1#1: worker process 40 exited with code 0
2026/06/05 13:55:55 [notice] 1#1: worker process 41 exited with code 0
2026/06/05 13:55:55 [notice] 1#1: worker process 43 exited with code 0
2026/06/05 13:55:55 [notice] 1#1: signal 29 (SIGIO) received
2026/06/05 13:55:55 [notice] 1#1: signal 17 (SIGCHLD) received from 35
2026/06/05 13:55:55 [notice] 1#1: worker process 35 exited with code 0
2026/06/05 13:55:55 [notice] 1#1: signal 29 (SIGIO) received
2026/06/05 13:55:55 [notice] 1#1: signal 17 (SIGCHLD) received from 32
2026/06/05 13:55:55 [notice] 1#1: worker process 32 exited with code 0
2026/06/05 13:55:55 [notice] 1#1: worker process 38 exited with code 0
2026/06/05 13:55:55 [notice] 1#1: exit
2026/06/05 13:56:01 [notice] 1#1: using the "epoll" event method
2026/06/05 13:56:01 [notice] 1#1: nginx/1.31.1
2026/06/05 13:56:01 [notice] 1#1: built by gcc 15.2.0 (Alpine 15.2.0) 
2026/06/05 13:56:01 [notice] 1#1: OS: Linux 6.6.114.1-microsoft-standard-WSL2
2026/06/05 13:56:01 [notice] 1#1: getrlimit(RLIMIT_NOFILE): 1048576:1048576
2026/06/05 13:56:01 [notice] 1#1: start worker processes
2026/06/05 13:56:01 [notice] 1#1: start worker process 29
2026/06/05 13:56:01 [notice] 1#1: start worker process 30
2026/06/05 13:56:01 [notice] 1#1: start worker process 31
2026/06/05 13:56:01 [notice] 1#1: start worker process 32
2026/06/05 13:56:01 [notice] 1#1: start worker process 33
2026/06/05 13:56:01 [notice] 1#1: start worker process 34
2026/06/05 13:56:01 [notice] 1#1: start worker process 35
2026/06/05 13:56:01 [notice] 1#1: start worker process 36
2026/06/05 13:56:01 [notice] 1#1: start worker process 37
2026/06/05 13:56:01 [notice] 1#1: start worker process 38
2026/06/05 13:56:01 [notice] 1#1: start worker process 39
2026/06/05 13:56:01 [notice] 1#1: start worker process 40
2026/06/05 13:56:01 [notice] 1#1: start worker process 41
2026/06/05 13:56:01 [notice] 1#1: start worker process 42
2026/06/05 13:56:01 [notice] 1#1: start worker process 43
2026/06/05 13:56:01 [notice] 1#1: start worker process 44
